
--- s2_fixed ---
[OK] sentinel2          s2_harmonic_fixed_iowa_corn
[OK] sentinel2          s2_harmonic_fixed_sonoran
[OK] sentinel2          s2_harmonic_fixed_atlanta
[OK] sentinel2          s2_harmonic_fixed_el_yunque

--- jrc_v2 ---
[OK] jrc_v2             jrc2_candidate_lake_powell_delta
[OK] jrc_v2             jrc2_candidate_elephant_butte_nm
[OK] jrc_v2             jrc2_candidate_lake_sakakawea_nd
[OK] jrc_v2             jrc2_candidate_fort_peck_mt
[OK] jrc_v2             jrc2_candidate_toledo_bend_tx
[OK] jrc_v2             jrc2_candidate_lake_ouachita_ar
[OK] jrc_v2             jrc2_candidate_clinton_lake_ks
[OK] jrc_v2             jrc2_candidate_florida_phosphate_belt
[OK] jrc_v2             jrc2_candidate_minnesota_iron_range
[OK] jrc_v2             jrc2_candidate_wyoming_coal_pit
[OK] jrc_v2             jrc2_candidate_plaquemines_la
[OK] jrc_v2             jrc2_candidate_terrebonne_la
[OK] jrc_v2             jrc2_candidate_cameron_la
[OK] jrc_v2             jrc2_candidate_san_leon_tx
[OK] jrc_v2             jrc2_candidate_arkansas_rice
[OK] jrc_v2             jrc2_candidate_california_rice_sac
[OK] jrc_v2             jrc2_candidate_dallas_lakes
[OK] jrc_v2             jrc2_candidate_phoenix_lakes
[OK] jrc_v2             jrc2_candidate_gsl_farmington_bay
[OK] jrc_v2             jrc2_candidate_merritt_island
[OK] jrc_v2             jrc2_candidate_willapa_bay
[OK] jrc_v2             jrc2_candidate_john_day_pool
[OK] jrc_v2             jrc2_candidate_imperial_valley
[OK] jrc_v2             jrc2_candidate_lago_dos_bocas_pr
[OK] jrc_v2             jrc2_candidate_williston_nd
[OK] jrc_v2             jrc2_candidate_wv_mine_ponds
[OK] jrc_v2             jrc2_candidate_yazoo_ms
[OK] jrc_v2             jrc2_candidate_everglades_sta
[OK] jrc_v2             jrc2_hotspot_sample_la_coast_box
[OK] jrc_v2             jrc2_zoom_top_la_coast_box
[OK] jrc_v2             jrc2_hotspot_sample_fl_phosphate_box
[OK] jrc_v2             jrc2_zoom_top_fl_phosphate_box
[OK] jrc_v2             jrc2_hotspot_sample_ar_rice_box
[OK] jrc_v2             jrc2_zoom_top_ar_rice_box
[OK] jrc_v2             jrc2_hotspot_sample_nd_bakken_box
[OK] jrc_v2             jrc2_zoom_top_nd_bakken_box
[OK] jrc_v2             jrc2_hotspot_sample_tx_coast_box
[OK] jrc_v2             jrc2_zoom_top_tx_coast_box

--- growth ---
[OK] dynamic_world      dw2_surge_phoenix_buckeye
[OK] dynamic_world      dw2_surge_phoenix_queen_creek
[OK] dynamic_world      dw2_surge_austin_manor
[OK] dynamic_world      dw2_surge_austin_bee_cave
[OK] dynamic_world      dw2_surge_atlanta_cumming
[OK] dynamic_world      dw2_surge_dallas_frisco
[OK] dynamic_world      dw2_surge_dallas_mckinney
