Initializing EE...
EE ready

=== winfield_metal (reroof) ===
  NAIP years: [2005, 2008, 2010, 2012, 2014, 2016, 2018, 2020, 2022]
/home/tayyabkhan/Shared/mireye-challenge/ee-explore/objective_sharpen/roof_scale_probe.py:237: DeprecationWarning: datetime.datetime.utcfromtimestamp() is deprecated and scheduled for removal in a future version. Use timezone-aware objects to represent datetimes in UTC: datetime.datetime.fromtimestamp(timestamp, datetime.UTC).
  datetime.utcfromtimestamp(int(m) / 1000).date().isoformat()
    2005: tiles=1 dates=['2005-08-24'] roof={'B': 79.37391830559756, 'G': 87.79381996974283, 'R': 64.43159606656577}
    2008: tiles=1 dates=['2008-07-27'] roof={'B': 101.86304084720116, 'G': 114.2312708018154, 'R': 110.65013615733733}
    2010: tiles=1 dates=['2010-05-02'] roof={'B': 89.5410514372163, 'G': 91.6117170953101, 'R': 100.72279122541606}
    2012: tiles=2 dates=['2012-06-11'] roof={'B': 113.39027987897119, 'G': 118.72297276853254, 'R': 124.91835854765503}
    2014: tiles=1 dates=['2014-08-13'] roof={'B': 86.12453857791225, 'G': 104.58998487140697, 'R': 110.73590015128595}
    2016: tiles=1 dates=['2016-09-28'] roof={'B': 97.78218608169442, 'G': 108.8234493192133, 'R': 102.6574054462935}
    2018: tiles=1 dates=['2018-11-01'] roof={'B': 83.91426626323752, 'G': 89.94002269288951, 'R': 81.17388048411499}
    2020: tiles=1 dates=['2020-06-08'] roof={'B': 84.97381996974278, 'G': 96.3123449319213, 'R': 89.63891074130106}
    2022: tiles=1 dates=['2022-06-08'] roof={'B': 78.45724659606654, 'G': 82.4847503782148, 'R': 86.15200453857791}
  embed 2018: n=1
  embed 2022: n=1
  embed 2024: n=1
  S2 2021: n=4
  S2 2023: n=23

=== farwest_metal (reroof) ===
  NAIP years: [2005, 2008, 2010, 2012, 2014, 2016, 2018, 2020, 2022]
    2005: tiles=1 dates=['2005-08-24'] roof={'B': 150.3054340517794, 'G': 179.93247663727902, 'R': 182.26735867159232}
    2008: tiles=1 dates=['2008-07-27'] roof={'B': 222.23996555084636, 'G': 224.24238303530282, 'R': 219.45264374589212}
    2010: tiles=1 dates=['2010-05-02'] roof={'B': 210.9697210071844, 'G': 196.87668562881035, 'R': 190.15521005673534}
    2012: tiles=2 dates=['2012-06-11'] roof={'B': 222.89854119922342, 'G': 220.06121523921752, 'R': 215.3093775732988}
    2014: tiles=1 dates=['2014-08-13'] roof={'B': 185.18857889687163, 'G': 190.55352083947142, 'R': 189.1820290249227}
    2016: tiles=1 dates=['2016-09-28'] roof={'B': 183.05558703321762, 'G': 186.44978809237813, 'R': 185.20914262402817}
    2018: tiles=1 dates=['2018-11-01'] roof={'B': 184.3924483829295, 'G': 182.88179256472426, 'R': 180.8939706426731}
    2020: tiles=1 dates=['2020-06-08'] roof={'B': 167.0929069495123, 'G': 171.49158035491683, 'R': 167.35728153872887}
    2022: tiles=1 dates=['2022-06-08'] roof={'B': 192.1242284824997, 'G': 188.6472210260709, 'R': 184.86480973641855}
  embed 2018: n=1
  embed 2022: n=1
  embed 2024: n=1
  S2 2021: n=4
  S2 2023: n=24

=== redleaf_redeck (reroof) ===
  NAIP years: [2005, 2008, 2010, 2012, 2014, 2016, 2018, 2020, 2022]
    2005: tiles=2 dates=['2005-08-24'] roof={'B': 59.0437970564867, 'G': 55.62344217017896, 'R': 41.551254209072674}
    2008: tiles=2 dates=['2008-07-27'] roof={'B': 97.61687412508039, 'G': 99.03822783852293, 'R': 90.0663993038477}
    2010: tiles=2 dates=['2010-05-02', '2010-05-03'] roof={'B': 64.15236653929098, 'G': 59.75260111233021, 'R': 60.610866028527084}
    2012: tiles=4 dates=['2012-06-11'] roof={'B': 101.7760735499981, 'G': 101.45796980817971, 'R': 92.84182966970604}
    2014: tiles=2 dates=['2014-08-13'] roof={'B': 64.82766448488516, 'G': 78.57651999545992, 'R': 78.43201543641933}
    2016: tiles=2 dates=['2016-09-28', '2016-10-10'] roof={'B': 84.57843441413492, 'G': 86.42968483977147, 'R': 74.12563277969049}
    2018: tiles=1 dates=['2018-11-01'] roof={'B': 67.6387650864515, 'G': 61.760909538042455, 'R': 47.931973818622055}
    2020: tiles=1 dates=['2020-06-08'] roof={'B': 62.63450493738414, 'G': 63.0767734856797, 'R': 54.46147327002383}
    2022: tiles=1 dates=['2022-06-11'] roof={'B': 57.912912867466254, 'G': 58.90289432862925, 'R': 60.73468275888162}
  embed 2018: n=1
  embed 2022: n=1
  embed 2024: n=1
  S2 2021: n=4
  S2 2023: n=23

=== ellise_reroof (reroof) ===
  NAIP years: [2005, 2008, 2010, 2012, 2014, 2016, 2018, 2020, 2022]
    2005: tiles=1 dates=['2005-08-24'] roof={'B': 112.11687860310835, 'G': 124.92769982848635, 'R': 117.18072398395174}
    2008: tiles=1 dates=['2008-07-27'] roof={'B': 171.25597842101678, 'G': 173.75644309449876, 'R': 164.77449358146143}
    2010: tiles=1 dates=['2010-05-02'] roof={'B': 130.9247606742677, 'G': 123.45600713254908, 'R': 107.64749038541449}
    2012: tiles=2 dates=['2012-06-11'] roof={'B': 155.66641732967645, 'G': 150.5429728524907, 'R': 136.69044434873936}
    2014: tiles=1 dates=['2014-10-14'] roof={'B': 115.53205491458316, 'G': 126.62744520252961, 'R': 116.81063988938506}
    2016: tiles=1 dates=['2016-09-28'] roof={'B': 130.51998095972078, 'G': 137.3643115654585, 'R': 127.2003384938534}
    2018: tiles=1 dates=['2018-11-01'] roof={'B': 115.57276484499548, 'G': 119.8604543977756, 'R': 106.71860431730778}
    2020: tiles=1 dates=['2020-10-18'] roof={'B': 113.70572946180987, 'G': 118.55906642186305, 'R': 109.73322453173753}
    2022: tiles=1 dates=['2022-06-08'] roof={'B': 139.51765381447805, 'G': 147.07789136462895, 'R': 138.38045046882908}
  embed 2018: n=1
  embed 2022: n=1
  embed 2024: n=1
  S2 2021: n=4
  S2 2023: n=24

=== winfield_control (control) ===
  NAIP years: [2005, 2008, 2010, 2012, 2014, 2016, 2018, 2020, 2022]
    2005: tiles=1 dates=['2005-08-24'] roof={'B': 113.61286808922644, 'G': 134.65093832969004, 'R': 108.5749945160095}
    2008: tiles=1 dates=['2008-07-27'] roof={'B': 140.87159141623113, 'G': 152.20352034371382, 'R': 147.5081276521713}
    2010: tiles=1 dates=['2010-05-02'] roof={'B': 132.5208883308246, 'G': 127.89235493899533, 'R': 126.53625863255753}
    2012: tiles=2 dates=['2012-06-11'] roof={'B': 143.29674818271903, 'G': 144.61167295749715, 'R': 142.15054877725922}
    2014: tiles=1 dates=['2014-08-13'] roof={'B': 120.6179209246386, 'G': 134.8732555237021, 'R': 131.3563686149331}
    2016: tiles=1 dates=['2016-09-28'] roof={'B': 119.07865177038339, 'G': 129.16804459808023, 'R': 121.53853543414299}
    2018: tiles=1 dates=['2018-11-01'] roof={'B': 101.94860933564293, 'G': 107.95705089899623, 'R': 97.36058939660971}
    2020: tiles=1 dates=['2020-06-08'] roof={'B': 89.95194511470996, 'G': 96.16029137008994, 'R': 89.5411148007232}
    2022: tiles=1 dates=['2022-06-08'] roof={'B': 87.35486335408429, 'G': 91.79281105572488, 'R': 90.33121789974511}
  embed 2018: n=1
  embed 2022: n=1
  embed 2024: n=1
  S2 2021: n=4
  S2 2023: n=23

=== vacant_burnet (vacant) ===
  NAIP years: [2005, 2008, 2010, 2012, 2014, 2016, 2018, 2020, 2022]
    2005: tiles=1 dates=['2005-09-03'] roof={'B': 75.6549941687671, 'G': 75.45147285655165, 'R': 62.88745344418943}
    2008: tiles=1 dates=['2008-07-27'] roof={'B': 104.64098416161922, 'G': 114.76991083856883, 'R': 115.64815469696401}
    2010: tiles=1 dates=['2010-05-02'] roof={'B': 105.29734020540985, 'G': 116.28309694894843, 'R': 104.407682179}
    2012: tiles=2 dates=['2012-07-25'] roof={'B': 117.783341484519, 'G': 118.87893608216395, 'R': 116.66053195891803}
    2014: tiles=1 dates=['2014-07-08'] roof={'B': 91.42012715849663, 'G': 108.50490952183891, 'R': 109.17554644294792}
    2016: tiles=1 dates=['2016-08-03'] roof={'B': 90.60656860163269, 'G': 103.02694405778566, 'R': 93.51789624167633}
    2018: tiles=1 dates=['2018-10-27'] roof={'B': 188.72227530943155, 'G': 194.6494864753019, 'R': 198.84464843309127}
    2020: tiles=1 dates=['2020-10-11'] roof={'B': 180.49481960799068, 'G': 190.06732628569273, 'R': 194.04284263195518}
    2022: tiles=1 dates=['2022-06-11'] roof={'B': 180.579022610135, 'G': 189.1628381174523, 'R': 193.1619728377411}
  embed 2018: n=1
  embed 2022: n=1
  embed 2024: n=1
  S2 2021: n=4
  S2 2023: n=12

=== san_leon_water (water) ===
  NAIP years: [2005, 2006, 2008, 2010, 2012, 2014, 2016, 2018, 2020, 2022]
    2005: tiles=1 dates=['2005-08-06'] roof={'B': 79.03809393149488, 'G': 74.54208777305223, 'R': 62.96156308592853}
  FAIL: ImageCollection.mosaic: Error in map(ID=c_2909433_nw_15_2_20060613):
Image.select: Band pattern 'B' did not match any bands. Available bands: [N, R, G]

======== SCOREBOARD ========
winfield_metal     kind=reroof  naip_roof=   9.05 naip_yard=   4.79 emb_roof=  0.291 emb_yard=  0.255 s2_ndvi=-0.014805768133371144
farwest_metal      kind=reroof  naip_roof=  20.23 naip_yard=  19.38 emb_roof=  0.301 emb_yard=  0.255 s2_ndvi=0.184115404321174
redleaf_redeck     kind=reroof  naip_roof=   5.13 naip_yard=   5.73 emb_roof=  0.301 emb_yard=  0.298 s2_ndvi=-0.06286184710759835
ellise_reroof      kind=reroof  naip_roof=  27.69 naip_yard=  22.01 emb_roof=  0.318 emb_yard=   0.29 s2_ndvi=-0.05652546398754532
winfield_control   kind=control naip_roof=   2.97 naip_yard=   4.39 emb_roof=  0.308 emb_yard=  0.273 s2_ndvi=-0.08990060017770135
vacant_burnet      kind=vacant  naip_roof=   0.73 naip_yard=   1.51 emb_roof=  0.419 emb_yard=  0.331 s2_ndvi=-0.050188886860730475
Traceback (most recent call last):
  File "/home/tayyabkhan/Shared/mireye-challenge/ee-explore/objective_sharpen/roof_scale_probe.py", line 382, in <module>
    main()
  File "/home/tayyabkhan/Shared/mireye-challenge/ee-explore/objective_sharpen/roof_scale_probe.py", line 371, in main
    f"naip_roof={None if not pick else round(pick['roof_rgb_l2'] or -1, 2):>7} "
                ^^^^^^^^^^^^^^^^^^^^^^^^^^^^^^^^^^^^^^^^^^^^^^^^^^^^^^^^^^^^^^
TypeError: unsupported format string passed to NoneType.__format__
